// Jest Snapshot v1, https://goo.gl/fbAQLP

exports[`Test suite for GameBoard Component render correctly text component 1`] = `ShallowWrapper {}`;
